ROM0 bank #0:
  SECTION: $0040-$0042 ($0003 bytes) ["Vblank"]
  SECTION: $0048-$0048 ($0001 byte) ["stat"]
  SECTION: $0050-$0052 ($0003 bytes) ["timer"]
  SECTION: $0058-$0058 ($0001 byte) ["serial"]
  SECTION: $0060-$0060 ($0001 byte) ["joypad"]
  SECTION: $0100-$069a ($059b bytes) ["Header"]
           $0150 = EntryPoint
           $0150 = WaitVBlank
           $0164 = CopyTiles
           $0176 = CopyTilemap
           $0183 = WaitVBlank1
           $01b2 = title_screen
           $01c9 = title_screen_end
           $01c9 = WaitVBlank5
           $01f2 = wait
           $01fd = MainLoop
           $020b = advance
           $020f = WaitVBlank2
           $0222 = set_score
           $023b = scroll_background
           $024b = scroll
           $025c = frame_overflow
           $0261 = no_overflow
           $0269 = tile_scroll_mul_loop
           $0274 = tile_scroll_mul_loop_end
           $027a = not_scroll
           $027f = memcpy_tile
           $027f = bg_tile_memcpy_loop
           $028a = memset_snake
           $028d = memset_loop
           $0299 = h_matches
           $02a2 = l_matches
           $02a3 = set_pellet
           $02c8 = initialize_snake
           $02e9 = iloop
           $030b = loop_exit
           $030c = vram_set
           $0314 = new_score_flag_set
           $0321 = new_score_flag_not_set
           $0335 = segment_loop
           $0348 = segment_loop_end
           $0353 = clear_screen
           $035a = cls_loop
           $036e = get_vram_from_xy
           $0372 = rowsloop
           $0383 = rowsloopend
           $0391 = timer_overflow
           $03ae = timer_overflow_end
           $03b3 = get_segment_tile
           $03c8 = last_up
           $03d8 = last_down
           $03e8 = last_left
           $03f8 = last_right
           $0408 = u2d
           $040d = l2r
           $0412 = d2r
           $0412 = l2u
           $0417 = u2r
           $0417 = l2d
           $041c = d2l
           $041c = r2u
           $0421 = u2l
           $0421 = r2d
           $0426 = get_segment_tile_end
           $0427 = advance_snake
           $0441 = up
           $045e = down
           $047c = left
           $0499 = right
           $04b3 = check_food_eaten
           $04c3 = x_food_same
           $04cd = y_food_same
           $04de = adv_snake_loop_setup
           $04e6 = adv_snake_loop
           $051f = is_head
           $0536 = set_head_u
           $053c = set_head_d
           $0542 = set_head_r
           $0548 = set_head_l
           $054e = not_head
           $054e = head_end
           $0563 = advance_snake_end
           $0572 = dead
           $0579 = check_self_collision
           $0586 = self_collision_loop
           $058b = mid_loop
           $0598 = same_x
           $05a0 = same_y
           $05a5 = no_collision
           $05aa = end
           $05ad = set_tail
           $05b9 = set_tail_mul_loop
           $05ce = set_tail_mul_loop2
           $05f6 = tail_up
           $05fb = tail_down
           $0600 = tail_left
           $0605 = tail_right
           $0607 = tail_end
           $0609 = poll_input
           $062a = up_pressed
           $0642 = down_pressed
           $065d = left_pressed
           $0678 = right_pressed
           $0690 = poll_input_end
  SECTION: $069b-$0aaa ($0410 bytes) ["Tile data"]
           $069b = Tiles
           $0aab = TilesEnd
  SECTION: $0aab-$0e16 ($036c bytes) ["Tilemap"]
           $0aab = Tilemap
           $0ceb = TilemapEnd
           $0ceb = RandomNumber
           $0d04 = RandomNumber_LUT
           $0d14 = RandomNumber_LUT.skip
           $0d17 = RandTable
  SECTION: $0e17-$101a ($0204 bytes) ["GBT_BANK0"]
           $0e17 = gbt_get_pattern_ptr
           $0e39 = gbt_get_pattern_ptr_banked
           $0e4b = gbt_get_pattern_ptr_banked.dont_loop
           $0e51 = gbt_play
           $0efd = gbt_pause
           $0f06 = gbt_pause.gbt_pause_unmute
           $0f0b = gbt_loop
           $0f0f = gbt_stop
           $0f1a = gbt_enable_channels
           $0f1e = gbt_update
           $0f38 = gbt_update.dontexit
           $0f60 = gbt_update.dont_stop
           $0f73 = gbt_update.copy_loop
           $0f80 = gbt_update.more_bytes
           $0f87 = gbt_update.one_more_byte
           $0f8a = gbt_update.no_more_bytes_this_channel
           $0fc9 = gbt_update.loop_disabled
           $0fce = gbt_update.dont_increment_pattern
           $0fce = gbt_update.not_ended
           $0fce = gbt_update.end_handling_steps_pattern
           $0ffe = gbt_update.next_channel
           $1009 = gbt_update.next_channel_more_bytes
           $100e = gbt_update.next_channel_one_more_byte
           $100f = gbt_update.next_channel_no_more_bytes_this_channel
    SLACK: $30dc bytes

ROMX bank #1:
  SECTION: $4000-$4646 ($0647 bytes) ["GBT_BANK1"]
           $4000 = gbt_wave
           $4080 = gbt_noise
           $4090 = gbt_frequencies
           $4120 = _gbt_get_freq_from_index
           $412c = gbt_channel_1_handle
           $413f = gbt_channel_1_handle.more_bytes
           $4145 = gbt_channel_1_handle.one_more_byte
           $4146 = gbt_channel_1_handle.no_more_bytes_this_channel
           $4147 = gbt_channel_1_handle.channel1_enabled
           $4156 = gbt_channel_1_handle.just_set_volume
           $415f = gbt_channel_1_handle.instr_effects
           $416f = gbt_channel_1_handle.has_frequency
           $4197 = gbt_channel_1_handle.freq_instr_and_effect
           $41a5 = gbt_channel_1_handle.refresh_channel1_regs
           $41a5 = channel1_refresh_registers
           $41bf = channel1_update_effects
           $41d4 = channel1_update_effects.dont_cut
           $41f3 = channel1_update_effects.not_tick_0
           $420c = channel1_update_effects.not_tick_1
           $4220 = gbt_channel_1_set_effect
           $422e = gbt_channel_1_set_effect.gbt_ch1_jump_table
           $424e = gbt_channel_1_set_effect.gbt_ch1_pan
           $4255 = gbt_channel_1_set_effect.gbt_ch1_arpeggio
           $4270 = gbt_channel_1_set_effect.gbt_ch1_cut_note
           $4275 = gbt_channel_2_handle
           $4288 = gbt_channel_2_handle.more_bytes
           $428e = gbt_channel_2_handle.one_more_byte
           $428f = gbt_channel_2_handle.no_more_bytes_this_channel
           $4290 = gbt_channel_2_handle.channel2_enabled
           $429f = gbt_channel_2_handle.just_set_volume
           $42a8 = gbt_channel_2_handle.instr_effects
           $42b8 = gbt_channel_2_handle.has_frequency
           $42e0 = gbt_channel_2_handle.freq_instr_and_effect
           $42ee = gbt_channel_2_handle.refresh_channel2_regs
           $42ee = channel2_refresh_registers
           $4305 = channel2_update_effects
           $431a = channel2_update_effects.dont_cut
           $4339 = channel2_update_effects.not_tick_0
           $4352 = channel2_update_effects.not_tick_1
           $4366 = gbt_channel_2_set_effect
           $4374 = gbt_channel_2_set_effect.gbt_ch2_jump_table
           $4394 = gbt_channel_2_set_effect.gbt_ch2_pan
           $439b = gbt_channel_2_set_effect.gbt_ch2_arpeggio
           $43b6 = gbt_channel_2_set_effect.gbt_ch2_cut_note
           $43bb = gbt_channel_3_handle
           $43ce = gbt_channel_3_handle.more_bytes
           $43d4 = gbt_channel_3_handle.one_more_byte
           $43d5 = gbt_channel_3_handle.no_more_bytes_this_channel
           $43d6 = gbt_channel_3_handle.channel3_enabled
           $43e5 = gbt_channel_3_handle.just_set_volume
           $43ee = gbt_channel_3_handle.effects
           $43f7 = gbt_channel_3_handle.has_frequency
           $441c = gbt_channel_3_handle.freq_instr_and_effect
           $442a = gbt_channel_3_handle.refresh_channel3_regs
           $442a = channel3_refresh_registers
           $4451 = gbt_channel3_load_instrument
           $4461 = gbt_channel3_load_instrument.loop
           $4468 = channel3_update_effects
           $4481 = channel3_update_effects.dont_cut
           $44a0 = channel3_update_effects.not_tick_0
           $44b9 = channel3_update_effects.not_tick_1
           $44cd = gbt_channel_3_set_effect
           $44db = gbt_channel_3_set_effect.gbt_ch3_jump_table
           $44fb = gbt_channel_3_set_effect.gbt_ch3_pan
           $4502 = gbt_channel_3_set_effect.gbt_ch3_arpeggio
           $451d = gbt_channel_3_set_effect.gbt_ch3_cut_note
           $4522 = gbt_channel_4_handle
           $4535 = gbt_channel_4_handle.more_bytes
           $453b = gbt_channel_4_handle.one_more_byte
           $453c = gbt_channel_4_handle.no_more_bytes_this_channel
           $453d = gbt_channel_4_handle.channel4_enabled
           $454c = gbt_channel_4_handle.just_set_volume
           $4555 = gbt_channel_4_handle.effects
           $455e = gbt_channel_4_handle.has_instrument
           $457a = gbt_channel_4_handle.instr_and_effect
           $457f = gbt_channel_4_handle.refresh_channel4_regs
           $457f = channel4_refresh_registers
           $4591 = channel4_update_effects
           $45a6 = channel4_update_effects.dont_cut
           $45a8 = gbt_channel_4_set_effect
           $45b6 = gbt_channel_4_set_effect.gbt_ch4_jump_table
           $45d6 = gbt_channel_4_set_effect.gbt_ch4_pan
           $45dd = gbt_channel_4_set_effect.gbt_ch4_cut_note
           $45e2 = gbt_ch1234_nop
           $45e4 = gbt_ch1234_jump_pattern
           $45f5 = gbt_ch1234_jump_position
           $4607 = gbt_ch1234_speed
           $460f = gbt_update_bank1
           $462a = gbt_update_effects_bank1
  SECTION: $4647-$47c4 ($017e bytes) ["song_1"]
           $4647 = song_1
  SECTION: $47c5-$493f ($017b bytes) ["song_2"]
           $47c5 = song_2
  SECTION: $4940-$4aaf ($0170 bytes) ["song_3"]
           $4940 = song_3
  SECTION: $4ab0-$4bf1 ($0142 bytes) ["song_0"]
           $4ab0 = song_0
  SECTION: $4bf2-$4c00 ($000f bytes) ["song_data"]
           $4bf2 = song_data
    SLACK: $33ff bytes

WRAM0 bank #0:
  SECTION: $c000-$c301 ($0302 bytes) ["variables"]
           $c000 = snake_array
           $c2ee = last_tail
           $c2f0 = last_direction
           $c2f1 = move_direction
           $c2f2 = length
           $c2f3 = timer_overflow_counter
           $c2f4 = should_advance
           $c2f5 = food
           $c2f9 = new_tile
           $c2fa = last_tile
           $c2fb = snake_loop_counter
           $c2fc = vblank_counter
           $c2fd = on_bg_frame
           $c2fe = new_score_flag
           $c2ff = Seed
           $c301 = RandomPtr
  SECTION: $c302-$c342 ($0041 bytes) ["GBT_VAR_1"]
           $c302 = gbt_playing
           $c303 = gbt_pattern_array_ptr
           $c305 = gbt_pattern_array_bank
           $c306 = gbt_speed
           $c307 = gbt_temp_play_data
           $c313 = gbt_loop_enabled
           $c314 = gbt_ticks_elapsed
           $c315 = gbt_current_step
           $c316 = gbt_current_pattern
           $c317 = gbt_current_step_data_ptr
           $c319 = gbt_current_step_data_bank
           $c31a = gbt_channels_enabled
           $c31b = gbt_pan
           $c31f = gbt_vol
           $c323 = gbt_instr
           $c327 = gbt_freq
           $c32d = gbt_channel3_loaded_instrument
           $c32e = gbt_arpeggio_freq_index
           $c337 = gbt_arpeggio_enabled
           $c33a = gbt_arpeggio_tick
           $c33d = gbt_cut_note_tick
           $c341 = gbt_have_to_stop_next_step
           $c342 = gbt_update_pattern_pointers
    SLACK: $0cbd bytes

USED:
    ROM0: $0f24 bytes in 1 bank
    ROMX: $0c01 bytes in 1 bank
    WRAM0: $0343 bytes in 1 bank
