ROM0 bank #0:
  SECTION: $0040-$0042 ($0003 bytes) ["Vblank"]
  SECTION: $0048-$0048 ($0001 byte) ["stat"]
  SECTION: $0050-$0052 ($0003 bytes) ["timer"]
  SECTION: $0058-$0058 ($0001 byte) ["serial"]
  SECTION: $0060-$0060 ($0001 byte) ["joypad"]
  SECTION: $0100-$0724 ($0625 bytes) ["Header"]
           $0150 = EntryPoint
           $0150 = WaitVBlank
           $0164 = CopyTiles
           $0176 = CopyTilemap
           $0183 = WaitVBlank1
           $01b2 = title_screen
           $01c9 = title_screen_end
           $01cc = WaitVBlank5
           $01f5 = wait
           $0200 = MainLoop
           $0210 = advance
           $0214 = WaitVBlank2
           $0227 = set_score
           $0240 = scroll_background
           $0250 = scroll
           $0261 = frame_overflow
           $0266 = no_overflow
           $026e = tile_scroll_mul_loop
           $0279 = tile_scroll_mul_loop_end
           $027f = not_scroll
           $0284 = memcpy_tile
           $0284 = bg_tile_memcpy_loop
           $028f = memset_snake
           $0292 = memset_loop
           $029e = h_matches
           $02a7 = l_matches
           $02a8 = set_cherry
           $02d4 = set_pellet
           $02fb = initialize_snake
           $031f = iloop
           $0341 = loop_exit
           $0342 = vram_set
           $0357 = cherry_flag_not_set
           $0361 = cherry_flag_set
           $0369 = new_score_flag_set
           $0376 = new_score_flag_not_set
           $038a = segment_loop
           $039d = segment_loop_end
           $03a8 = clear_screen
           $03af = cls_loop
           $03c3 = get_vram_from_xy
           $03c7 = rowsloop
           $03d8 = rowsloopend
           $03e6 = timer_overflow
           $0403 = timer_overflow_end
           $0408 = get_segment_tile
           $041d = last_up
           $042d = last_down
           $043d = last_left
           $044d = last_right
           $045d = u2d
           $0462 = l2r
           $0467 = d2r
           $0467 = l2u
           $046c = u2r
           $046c = l2d
           $0471 = d2l
           $0471 = r2u
           $0476 = u2l
           $0476 = r2d
           $047b = get_segment_tile_end
           $047c = update_cherry
           $048d = update_cherry_end
           $048e = advance_snake
           $0499 = cherry_flag_reset
           $04b3 = up
           $04d0 = down
           $04ee = left
           $050b = right
           $0525 = check_food_eaten
           $0535 = x_food_same
           $053f = y_food_same
           $0568 = adv_snake_loop_setup
           $0570 = adv_snake_loop
           $05a9 = is_head
           $05c0 = set_head_u
           $05c6 = set_head_d
           $05cc = set_head_r
           $05d2 = set_head_l
           $05d8 = not_head
           $05d8 = head_end
           $05ed = advance_snake_end
           $05fc = dead
           $0603 = check_self_collision
           $0610 = self_collision_loop
           $0615 = mid_loop
           $0622 = same_x
           $062a = same_y
           $062f = no_collision
           $0634 = end
           $0637 = set_tail
           $0643 = set_tail_mul_loop
           $0658 = set_tail_mul_loop2
           $0680 = tail_up
           $0685 = tail_down
           $068a = tail_left
           $068f = tail_right
           $0691 = tail_end
           $0693 = poll_input
           $06b4 = up_pressed
           $06cc = down_pressed
           $06e7 = left_pressed
           $0702 = right_pressed
           $071a = poll_input_end
  SECTION: $0725-$0b34 ($0410 bytes) ["Tile data"]
           $0725 = Tiles
           $0b35 = TilesEnd
  SECTION: $0b35-$0ea0 ($036c bytes) ["Tilemap"]
           $0b35 = Tilemap
           $0d75 = TilemapEnd
           $0d75 = RandomNumber
           $0d8e = RandomNumber_LUT
           $0d9e = RandomNumber_LUT.skip
           $0da1 = RandTable
  SECTION: $0ea1-$10a4 ($0204 bytes) ["GBT_BANK0"]
           $0ea1 = gbt_get_pattern_ptr
           $0ec3 = gbt_get_pattern_ptr_banked
           $0ed5 = gbt_get_pattern_ptr_banked.dont_loop
           $0edb = gbt_play
           $0f87 = gbt_pause
           $0f90 = gbt_pause.gbt_pause_unmute
           $0f95 = gbt_loop
           $0f99 = gbt_stop
           $0fa4 = gbt_enable_channels
           $0fa8 = gbt_update
           $0fc2 = gbt_update.dontexit
           $0fea = gbt_update.dont_stop
           $0ffd = gbt_update.copy_loop
           $100a = gbt_update.more_bytes
           $1011 = gbt_update.one_more_byte
           $1014 = gbt_update.no_more_bytes_this_channel
           $1053 = gbt_update.loop_disabled
           $1058 = gbt_update.dont_increment_pattern
           $1058 = gbt_update.not_ended
           $1058 = gbt_update.end_handling_steps_pattern
           $1088 = gbt_update.next_channel
           $1093 = gbt_update.next_channel_more_bytes
           $1098 = gbt_update.next_channel_one_more_byte
           $1099 = gbt_update.next_channel_no_more_bytes_this_channel
    SLACK: $3052 bytes

ROMX bank #1:
  SECTION: $4000-$4646 ($0647 bytes) ["GBT_BANK1"]
           $4000 = gbt_wave
           $4080 = gbt_noise
           $4090 = gbt_frequencies
           $4120 = _gbt_get_freq_from_index
           $412c = gbt_channel_1_handle
           $413f = gbt_channel_1_handle.more_bytes
           $4145 = gbt_channel_1_handle.one_more_byte
           $4146 = gbt_channel_1_handle.no_more_bytes_this_channel
           $4147 = gbt_channel_1_handle.channel1_enabled
           $4156 = gbt_channel_1_handle.just_set_volume
           $415f = gbt_channel_1_handle.instr_effects
           $416f = gbt_channel_1_handle.has_frequency
           $4197 = gbt_channel_1_handle.freq_instr_and_effect
           $41a5 = gbt_channel_1_handle.refresh_channel1_regs
           $41a5 = channel1_refresh_registers
           $41bf = channel1_update_effects
           $41d4 = channel1_update_effects.dont_cut
           $41f3 = channel1_update_effects.not_tick_0
           $420c = channel1_update_effects.not_tick_1
           $4220 = gbt_channel_1_set_effect
           $422e = gbt_channel_1_set_effect.gbt_ch1_jump_table
           $424e = gbt_channel_1_set_effect.gbt_ch1_pan
           $4255 = gbt_channel_1_set_effect.gbt_ch1_arpeggio
           $4270 = gbt_channel_1_set_effect.gbt_ch1_cut_note
           $4275 = gbt_channel_2_handle
           $4288 = gbt_channel_2_handle.more_bytes
           $428e = gbt_channel_2_handle.one_more_byte
           $428f = gbt_channel_2_handle.no_more_bytes_this_channel
           $4290 = gbt_channel_2_handle.channel2_enabled
           $429f = gbt_channel_2_handle.just_set_volume
           $42a8 = gbt_channel_2_handle.instr_effects
           $42b8 = gbt_channel_2_handle.has_frequency
           $42e0 = gbt_channel_2_handle.freq_instr_and_effect
           $42ee = gbt_channel_2_handle.refresh_channel2_regs
           $42ee = channel2_refresh_registers
           $4305 = channel2_update_effects
           $431a = channel2_update_effects.dont_cut
           $4339 = channel2_update_effects.not_tick_0
           $4352 = channel2_update_effects.not_tick_1
           $4366 = gbt_channel_2_set_effect
           $4374 = gbt_channel_2_set_effect.gbt_ch2_jump_table
           $4394 = gbt_channel_2_set_effect.gbt_ch2_pan
           $439b = gbt_channel_2_set_effect.gbt_ch2_arpeggio
           $43b6 = gbt_channel_2_set_effect.gbt_ch2_cut_note
           $43bb = gbt_channel_3_handle
           $43ce = gbt_channel_3_handle.more_bytes
           $43d4 = gbt_channel_3_handle.one_more_byte
           $43d5 = gbt_channel_3_handle.no_more_bytes_this_channel
           $43d6 = gbt_channel_3_handle.channel3_enabled
           $43e5 = gbt_channel_3_handle.just_set_volume
           $43ee = gbt_channel_3_handle.effects
           $43f7 = gbt_channel_3_handle.has_frequency
           $441c = gbt_channel_3_handle.freq_instr_and_effect
           $442a = gbt_channel_3_handle.refresh_channel3_regs
           $442a = channel3_refresh_registers
           $4451 = gbt_channel3_load_instrument
           $4461 = gbt_channel3_load_instrument.loop
           $4468 = channel3_update_effects
           $4481 = channel3_update_effects.dont_cut
           $44a0 = channel3_update_effects.not_tick_0
           $44b9 = channel3_update_effects.not_tick_1
           $44cd = gbt_channel_3_set_effect
           $44db = gbt_channel_3_set_effect.gbt_ch3_jump_table
           $44fb = gbt_channel_3_set_effect.gbt_ch3_pan
           $4502 = gbt_channel_3_set_effect.gbt_ch3_arpeggio
           $451d = gbt_channel_3_set_effect.gbt_ch3_cut_note
           $4522 = gbt_channel_4_handle
           $4535 = gbt_channel_4_handle.more_bytes
           $453b = gbt_channel_4_handle.one_more_byte
           $453c = gbt_channel_4_handle.no_more_bytes_this_channel
           $453d = gbt_channel_4_handle.channel4_enabled
           $454c = gbt_channel_4_handle.just_set_volume
           $4555 = gbt_channel_4_handle.effects
           $455e = gbt_channel_4_handle.has_instrument
           $457a = gbt_channel_4_handle.instr_and_effect
           $457f = gbt_channel_4_handle.refresh_channel4_regs
           $457f = channel4_refresh_registers
           $4591 = channel4_update_effects
           $45a6 = channel4_update_effects.dont_cut
           $45a8 = gbt_channel_4_set_effect
           $45b6 = gbt_channel_4_set_effect.gbt_ch4_jump_table
           $45d6 = gbt_channel_4_set_effect.gbt_ch4_pan
           $45dd = gbt_channel_4_set_effect.gbt_ch4_cut_note
           $45e2 = gbt_ch1234_nop
           $45e4 = gbt_ch1234_jump_pattern
           $45f5 = gbt_ch1234_jump_position
           $4607 = gbt_ch1234_speed
           $460f = gbt_update_bank1
           $462a = gbt_update_effects_bank1
  SECTION: $4647-$47c4 ($017e bytes) ["song_1"]
           $4647 = song_1
  SECTION: $47c5-$493f ($017b bytes) ["song_2"]
           $47c5 = song_2
  SECTION: $4940-$4aaf ($0170 bytes) ["song_3"]
           $4940 = song_3
  SECTION: $4ab0-$4bf1 ($0142 bytes) ["song_0"]
           $4ab0 = song_0
  SECTION: $4bf2-$4c00 ($000f bytes) ["song_data"]
           $4bf2 = song_data
    SLACK: $33ff bytes

WRAM0 bank #0:
  SECTION: $c000-$c307 ($0308 bytes) ["variables"]
           $c000 = snake_array
           $c2ee = last_tail
           $c2f0 = last_direction
           $c2f1 = move_direction
           $c2f2 = length
           $c2f3 = timer_overflow_counter
           $c2f4 = should_advance
           $c2f5 = food
           $c2f9 = new_tile
           $c2fa = last_tile
           $c2fb = snake_loop_counter
           $c2fc = vblank_counter
           $c2fd = on_bg_frame
           $c2fe = new_score_flag
           $c2ff = cherry
           $c304 = cherry_flag
           $c305 = Seed
           $c307 = RandomPtr
  SECTION: $c308-$c348 ($0041 bytes) ["GBT_VAR_1"]
           $c308 = gbt_playing
           $c309 = gbt_pattern_array_ptr
           $c30b = gbt_pattern_array_bank
           $c30c = gbt_speed
           $c30d = gbt_temp_play_data
           $c319 = gbt_loop_enabled
           $c31a = gbt_ticks_elapsed
           $c31b = gbt_current_step
           $c31c = gbt_current_pattern
           $c31d = gbt_current_step_data_ptr
           $c31f = gbt_current_step_data_bank
           $c320 = gbt_channels_enabled
           $c321 = gbt_pan
           $c325 = gbt_vol
           $c329 = gbt_instr
           $c32d = gbt_freq
           $c333 = gbt_channel3_loaded_instrument
           $c334 = gbt_arpeggio_freq_index
           $c33d = gbt_arpeggio_enabled
           $c340 = gbt_arpeggio_tick
           $c343 = gbt_cut_note_tick
           $c347 = gbt_have_to_stop_next_step
           $c348 = gbt_update_pattern_pointers
    SLACK: $0cb7 bytes

USED:
    ROM0: $0fae bytes in 1 bank
    ROMX: $0c01 bytes in 1 bank
    WRAM0: $0349 bytes in 1 bank
